// Jest Snapshot v1, https://goo.gl/fbAQLP

exports[`404 Page renders the correct snapshot 1`] = `
<DocumentFragment>
  <svg
    class="sc-AxjAm eSIdJy"
  >
    undraw_page_not_found_su7k.svg
  </svg>
  <h2>
    Oops, looks like you took a wrong turn.
  </h2>
</DocumentFragment>
`;
