// Jest Snapshot v1, https://goo.gl/fbAQLP

exports[`Nav correctly renders the snapshot 1`] = `
<DocumentFragment>
  <nav
    class="sc-AxjAm fLNzde"
    data-testid="nav-bar"
  >
    <div
      class="sc-AxiKw gQKflZ"
    >
      <h1
        class="sc-AxirZ eMiaWZ"
        data-testid="home-link"
      >
        [IK]
      </h1>
    </div>
    <div
      class="sc-AxhCb dBIewh"
    >
      <a
        class="sc-AxhUy dPDQiT"
        data-testid="about-link"
        href="/about"
      >
        About
      </a>
      <a
        class="sc-AxhUy dPDQiT"
        data-testid="projects-link"
        href="/projects"
      >
        Projects
      </a>
      <a
        class="sc-AxhUy dPDQiT"
        data-testid="contact-link"
        href="/contact"
      >
        Contact
      </a>
    </div>
  </nav>
</DocumentFragment>
`;
